i 0000000000000000 4
i 0000000000000004 4
r 0000000000000010 8
i 0000000000000008 4
w 0000000000000018 8
